main.c:67:6:HAL_UART_RxCpltCallback	16	static
main.c:77:6:led_pink	8	static
main.c:80:6:led_blue	8	static
main.c:83:6:led_yellow	8	static
main.c:86:6:led_green	8	static
main.c:95:5:main	8	static
main.c:152:6:SystemClock_Config	88	static
main.c:195:13:MX_ADC1_Init	24	static
main.c:240:13:MX_TIM2_Init	32	static
main.c:285:13:MX_USART2_UART_Init	8	static
main.c:318:13:MX_GPIO_Init	32	static
main.c:355:6:HAL_TIM_PeriodElapsedCallback	16	static
main.c:365:6:Error_Handler	4	static,ignoring_inline_asm
